// Jest Snapshot v1, https://goo.gl/fbAQLP

exports[`FutureEvents component shows all the data 1`] = `
<div>
  <section>
    <h2>
      Toekomstige concerten
    </h2>
    <div>
      [Event]: 
      <span>
        mock-id
      </span>
    </div>
  </section>
</div>
`;
