// Jest Snapshot v1, https://goo.gl/fbAQLP

exports[`Concert component shows all the data 1`] = `
<div>
  <div
    class="card"
  >
    <h2>
      name
    </h2>
    <div
      class="card__locations"
    >
      <p>
        Location Component
      </p>
    </div>
  </div>
</div>
`;
