// Jest Snapshot v1, https://goo.gl/fbAQLP

exports[`Author component shows all the data 1`] = `
<div>
  <div>
    <p>
      name
    </p>
    <p>
      role
    </p>
  </div>
</div>
`;
