// Jest Snapshot v1, https://goo.gl/fbAQLP

exports[`Concert component shows all the data 1`] = `
<div>
  <div
    class="root oneLocation"
  >
    <h2
      class="title h3"
    >
      <span>
        <a
          href="some-slug"
        >
          name
        </a>
      </span>
    </h2>
    <div
      class="content"
    >
      <div>
        <ul
          class="locations"
        >
          <li
            class="location"
          >
            <h3
              class="locationTitle h5"
            >
              Vrijdag 1 september â€” 14:32
            </h3>
            <p
              class="locationLinkContainer text-small"
            >
              Concert voorbij
            </p>
          </li>
        </ul>
      </div>
    </div>
  </div>
</div>
`;
