// Jest Snapshot v1, https://goo.gl/fbAQLP

exports[`Footer component shows all the data 1`] = `<div />`;
