// Jest Snapshot v1, https://jestjs.io/docs/snapshot-testing

exports[`NavigationItem should render a link 1`] = `
<div>
  <li
    class="navItem"
  >
    <a
      class="link text-large"
      href="/url"
    >
      homepage
    </a>
  </li>
</div>
`;
