// Jest Snapshot v1, https://goo.gl/fbAQLP

exports[`Concert component shows all the data 1`] = `
<div>
  <article
    class="article"
  >
    <h2>
      title
    </h2>
  </article>
</div>
`;
