// Jest Snapshot v1, https://goo.gl/fbAQLP

exports[`Concert component shows all the data 1`] = `
<div>
  <nav
    class="wrapper"
  >
    <ul
      class="list"
    >
      <li
        class="navItem"
      >
        <a
          href="/"
        >
          Homepage
        </a>
      </li>
      <li
        class="navItem"
      >
        <a
          href="/concerten"
        >
          Concerten
        </a>
      </li>
      <li
        class="navItem"
      >
        <a
          href="/contact"
        >
          contact
        </a>
      </li>
      <li
        class="navItem"
      >
        <a
          href="/"
        >
          homepage
        </a>
      </li>
      <li>
        <button
          type="button"
        >
          level 1
        </button>
      </li>
    </ul>
  </nav>
</div>
`;
