// Jest Snapshot v1, https://goo.gl/fbAQLP

exports[`Concert component shows all the data 1`] = `
<div>
  <address>
    <h2>
      title
    </h2>
    <p>
      some address lines
    </p>
    <p>
      5
       
      42
    </p>
  </address>
</div>
`;
